TNMD
CFTR
HECW1
HSPB6
ARX
UPP2
SLC13A2
IYD
HHATL
SLC7A14
ACPP
DPEP1
RGPD5
SLC38A5
HGF
INSRR
RAB27B
MYO16
ZIC2
ADRB1
MAGEC2
PTPRN
ITIH1
SERPINB3
CAMK2B
STYK1
CREB3L3
COL11A1
NTN1
CTNNA2
STON1-GTF2A1L
ADAM7
CNGB1
CAMK2A
SLC12A3
TMEM38A
SEMA3A
WNT8B
TUBA3D
NMRK2
ACTN2
BPIFB2
AFM
CPB2
CDH7
PKP1
IL12RB2
CEACAM6
TMPRSS11E
GP6
DOCK3
NOS1
SLC26A4
TF
APOH
MYH7
SLC7A8
TYRO3
GABRP
IL11
CRISP3
MAGEB2
SERPIND1
PLA2G3
SEZ6L
GGTLC2
SEPT3
CABP7
PVALB
KCNK10
COCH
DHRS2
CPNE6
PCK2
NTSR1
CHRNA4
EEF1A2
HAO1
CST4
ST8SIA5
CHRDL1
CACNA1F
PCSK1N
TAF7L
FGF14
OLFM4
SLC6A2
ACSBG1
SCG3
CALB1
ADAM2
DKKL1
ICAM5
CEACAM5
SULT2A1
ATP1A3
CNFN
SLC5A5
UPK1A
TFPI2
LHX2
ELAVL2
TYRP1
DNTT
TLX1
NEURL1
VTN
CLNK
B3GAT1
APOA5
APOC3
SLC1A2
CALCA
CYP27B1
LIN7A
UST
RHAG
GLP1R
PACRG
CLIC5
SLC4A9
GRM6
IL12B
GABRG2
FGF1
HRH2
KNG1
HRG
CLDN16
PODXL2
IL1A
IL1RL1
SLC5A7
GRIN3B
ATP6V1B1
TPSG1
PAPPA2
NPHS2
NT5C1A
HPCAL4
ARTN
SERPINC1
PROX1
MUC5B
APOA1
TNNT2
TTR
OLFM3
TRPM6
ESRRB
NKX2-3
SFRP5
LINC02210-CRHR1//CRHR1
LYZL1
IQSEC3
GJB6
GJA3
XPNPEP2
PAEP
TBX22
INHBA
G0S2
C4BPB
PI3
GCM2
EREG
MT1G
TMEM255A
FNDC11
FOXA2
CST8
NKX2-2
PCSK2
GRPR
PROZ
KIRREL2
FLRT1
TRPV5
SYNGR3
POM121L9P
CPA4
VGF
AIPL1
SYT5
GADD45G
DPP6
KIF1A
KLHDC7B
TNNT3
H19//LOC102724852
ASS1
FIBCD1
DUSP9
PYY
SLC34A1
C3orf20
G6PC
BARX1
LIN28A
SLC6A11
TBC1D14
POPDC3
SLC52A1
RHBG
CRP
APCS
CHI3L1
MYBPH
DCLK1
MYH11
CA1
MRO
CNTN6
VTCN1
FST
ERN2
DSG1
GIF
TCN1
GGACT
KLB
CGA
PRPH
B4GALNT1
CHST5
CNMD
IL6
SCN7A
ALDOB
BAAT
WDR38
HEMGN
CTSV
LMX1B
CAPN11
TTPA
NXPE4
MMP13
TMPRSS13
UNC13C
ITPKA
SLC28A2
STRA6
LHCGR
EGF
ERP27
PTPRQ
C14orf37
CYP1A1
RHCG
RLBP1
SLC5A2
MYLK3
MYOCD
SPATA22
LMTK3
FBN3
KLK3
MAEL
NR1I3
LHX9
SYT14
S100A7
ACTA1
REN
ATP6V1C2
DQX1
NXPH2
ACKR2
SLC22A14
IGSF11
STXBP5L
SLIT2
AHSG
GLRA3
CRHBP
MEGF10
ADAMTS19
SPINK7
TENM2
KLHL3
TRIM50
ASB15
ZAN
ARHGAP36
MAGEA4
CRH
SLC26A7
ATP6V0D2
GSDMC
ASTN2
PLEKHS1
CYP17A1
GAS2
KLHL35
SLC22A8
KIRREL3
SLC22A9
HMGA2
PCDH15
ADGRL3
THRSP
PTPRO
DPYSL4
GFRA1
TUBA3E
ASTN1
POU4F1
CYSLTR2
DSPP
MEPE
GRM1
PART1
CPB1
PLA2R1
SPHKAP
HS3ST3B1//HS3ST3A1
CDH12
GPR15
CHODL
PDE1C
CA10
RSPH10B
CNTNAP5
PROM2
FMN2
SLC24A2
UGT2B4
MAP3K7CL
C8A
TMED6
KIT
DRC1
TRIM63
GRHL3
HPD
FAM46B
SLC13A3
NRG2
SLC5A11
APOA2
TNNI1
GJD2
M1AP
PIP
CRYAA
FCN2
LCN1
PTH1R
CYP3A4
NPHS1
SLC1A7
DRAXIN
NTNG1
LRRTM1
ACTG2
NPPC
DAPL1
CCKAR
SLC15A2
EFHB
FABP1
CADPS
ALB
CXCL5
S100P
HHIP
SPINK1
ENPP6
IL3
RAET1E
SLC30A8
CSMD3
BAALC
CTHRC1
C9orf84
ASB11
FAT3
LRFN5
TMEM52B
VWA2
AVPR1A
CKB
TBATA
CRABP1
TMEM130
SLC38A8
LDHAL6A
CHP2
NAT16
PIP5KL1
ACSF2
UGT1A6
MMP26
PPP1R14A
KLK1
KLK4
KLK6
SOST
FOXI1
LINC01430//LINC01620
TSPAN5
SFTPB
PLA2G4F
CTRB1
STXBP6
KLK7
ARMC4
GP2
CXCL8
BNC1
TACR3
ONECUT1
MUC17
TM4SF4
FRMPD4
TAS1R3
MYRIP
ZPLD1
CCDC144A
ANKK1
MRAP
CNGB3
SEMA3E
VSTM2A
KRT4
SIX2
DLGAP1
BFSP2
CEL
HS6ST2
KRT13
KRT20
OR1N1
NEUROD2
LGALS4
PAH
SYCE1
ANGPTL7
C2orf54
AGXT
NIPAL4
MUCL1
MS4A10
FRG2C
DMRT2
SLC2A14
SNCG
INSM1
UGT2A1
GPRC6A
PODN
GALNTL6
MFSD4A
SPSB4
NRIP3
PCSK1
DPP10
TEX26
PLEKHD1
GPX2
LRRTM4
LINC01561
KCNA2
C10orf71
CAPZA3
GPR150
SH2D4B
CALML3
TUBAL3
LINC00670
C2orf71
EGR3
GPC5
C1orf194
ITLN1
SLC9A4
PNPLA1
DEFB124
SLC47A2
ANKRD30B
OXTR
DDN
TMIE
ADGRB1
SLC2A4
ASB18
MAFA
HCAR2
RGS7
SOX1
ABAT
CSMD1
PRR36
OR52E8
CCBE1
FAM9A
TNFAIP8L3
MARCH11
PSG9
NOG
SCN5A
SRARP
HIST1H1B
CLCNKB
LRRC14B
SGCZ
HIST1H2BL
INPP5J
GALNT17
RGPD2
HS6ST3
KRT6B
DLK1
ADAMTSL5
CYP4F12
GABRA5
SLC36A2
MYT1L
OR9Q1
CLCNKA
FOXI2
TMPRSS11A
HIST1H1T
PLEKHG7
CYP26C1
DPPA3
SLC18A3
FAM69C
C17orf99
TMEM215
HEPACAM2
PLA2G2A
IGFL1
NCCRP1
SLC4A5
HMX2
ZDHHC11
NYX
LIPI
DRICH1
GREB1
SULT1C3
SCN8A
SIGLEC15
SLC6A17
ADGRA1
CYP2B6
KLKP1
CR1L
PRB3
PLCG2
DLGAP2
TUBA3C
ADH4
SLC34A3
ZNF536
LRRTM3
PLXNB3
EGFL6
APCDD1L
BRINP2
GRM3
RORB
RNU5E-1
SNORA71D
SNORD8
SNORA14A
PLPP4
PNLIPRP3
TRPC5OS
TCEAL6
MOG
KRT25
CD177
PSG5
PCDHA2
ERICH4
CLLU1OS
CTXN3
MT1H
C15orf59
LINC00661
KRT81
SRRM2-AS1
SNORD116-14
SNORD116-13
SNORA2B
SNORD116-6
MIR508
MIR581
MIR140
SNORA40B
DIO1
SNORD67
SNORD17
SNORA74B
SNORA26
FAM24B
LAT
KRT42P
CPEB1
CDIPT-AS1
GSG1L2
LINC00588
RNF212B
TMED11P
TENM3
LINC01644
SNORD3J
SNORA11
MAGEA3
MIR503HG
ROR1-AS1
LINC01874
NPIPA3
LINC01266
LINC02072
LINC00323
LINC02554
IL21-AS1
SPATA13-AS1
LINC00845
MIR4290HG
MRLN
ORM2
HNF4A-AS1
LINC00582
ORM1
STEAP3-AS1
LINC02028
FAM41C
LINC01972
ANKRD63
MIR205HG
APCDD1L-AS1
RPL13AP17
WASIR2
LINC01354
LEF1-AS1
NCOA7-AS1
LINC01219
LINC01687
SLC26A4-AS1
LINC00284
KRTAP5-AS1
PAGE2B//PAGE2
LINC01114
LINC01914
FOXP4-AS1
LINC00993
LINC00837
GPC6-AS1
LINC01695
BAALC-AS2
C4orf51
MAGI1-AS1
THOC7-AS1
TDGF1
KRTAP5-8
LINC02029
UGT1A8
UGT1A10
PSG4
VSIG8
LEFTY1
INSL3
ADH1C
LINC02268
C5orf17
CASC16
LINC02075
LINC02499
LINC02121
LINC02506
LINC02475
LINC01099
RNY4
MIR2355
PCDHGA3
RTL1
IGLL5
LINC01489
CCND2-AS1
SALL3
HP
KCNK4-TEX40
LINC00871
OR11H7
LINC00524
SLC22A31
LINC00261
LCMT1-AS2
TBC1D3G
LINC02177
LY6L
SSTR5-AS1
TCF24
PCDHGA9
MMP12
CCER2
PCDHGA4
LINC01979
MIR3197
LINC01444
MIR4296
ZNF488
GACAT2
SNORA59B
LINC01443
MIR4754
LINC01532
LINC02081
LINC00906
LINC00907
LINC01987
LINC01711
RMRP
ZSWIM8-AS1
AFAP1-AS1
HIST1H2BM
HIST1H3G
HIST1H3B
HIST1H2BO
TBC1D3B//TBC1D3C
HIST1H3I
HIST1H2AJ
HIST1H3F
C17orf78
TBC1D3E
RN7SL3
PRO1804
PWAR5
FLJ42393
LINC01667
LINC00706
PACRG-AS1
