TNMD
CFTR
HECW1
HSPB6
ABCB5
ARX
TAC1
UPP2
SLC13A2
IYD
HHATL
SLC7A14
ACPP
DPEP1
RGPD5
SLC38A5
HGF
CPS1
INSRR
STAP1
CDH10
RAB27B
MYO16
ZIC2
ADRB1
MAGEC2
PTPRN
ITIH1
NPFFR2
SERPINB3
CAMK2B
STYK1
CREB3L3
COL11A1
WISP2
CHI3L2
NTN1
CTNNA2
STON1-GTF2A1L
ADAM7
CNGB1
CAMK2A
SLC12A3
TMEM38A
PTGS2
SNCB
SLC12A1
SEMA3A
WNT8B
CACNG4
ATP12A
TUBA3D
NMRK2
CAPN6
SPAG6
ACTN2
BPIFB2
AFM
RIMS1
PTPRH
CPB2
CDH7
PKP1
IL12RB2
OPRK1
CEACAM6
TMPRSS11E
GP6
DOCK3
SLC4A11
TBX5
NOS1
LAMB4
SLC26A4
TF
APOH
CPA1
MYH7
SLC7A8
TYRO3
GABRP
NXPE1
IL11
CRISP3
PGC
MAGEB2
HCN2
SERPIND1
PLA2G3
SEZ6L
GGTLC2
SEPT3
CABP7
PVALB
KCNK10
COCH
ISM2
DHRS2
CPNE6
PCK2
NTSR1
CHRNA4
EEF1A2
PROKR2
HAO1
PAK5
CST4
EPPIN
ST8SIA5
CHRDL1
GLRA2
CACNA1F
PCSK1N
GPR50
TAF7L
FGF14
OLFM4
CBLN1
SLC6A2
ACSBG1
SCG3
CALB1
DKK4
ADAM2
DKKL1
CLEC4M
SLC1A6
ICAM5
CEACAM5
SULT2A1
ATP1A3
CNFN
SLC5A5
KCNN1
UPK1A
ATP4A
TFPI2
ATP6V0A4
MYL10
LHX2
ELAVL2
TYRP1
LHX3
DNTT
TLX1
NEURL1
SORCS1
ASIC2
VTN
PHOX2B
GABRA4
UGT2B10
SULT1E1
CLNK
B3GAT1
APOA5
APOA4
APOC3
SLC1A2
CALCA
SYT10
CYP27B1
LIN7A
GSG1
UST
RHAG
GLP1R
PACRG
CLIC5
SLC4A9
GRM6
IL12B
GABRG2
FGF1
HRH2
KNG1
HRG
CLDN16
BCHE
PODXL2
TNNC1
IL1A
GALNT3
IL1RL1
SLC5A7
PROC
LCT
GRIN3B
ATP6V1B1
TPSG1
PAPPA2
NPHS2
AGMAT
NT5C1A
HPCAL4
CR2
ARTN
SERPINC1
PROX1
MUC5B
APOA1
TNNT2
TTR
SPACA1
OLFM3
TRPM6
ESRRB
NKX2-3
SFRP5
LINC02210-CRHR1//CRHR1
INSL6
SLC25A2
LYZL1
IQSEC3
TNFSF11
SOHLH2
NPPB
GJB6
GJA3
XPNPEP2
PAEP
TBX22
INHBA
G0S2
C4BPB
PI3
KCNS1
GDAP1L1
SEMG1
IRGC
GRM4
OR2B6
GCM2
EREG
MT1G
TMEM255A
AMELX
MYH2
FNDC11
FOXA2
CST8
NKX2-2
PCSK2
GDF5
GRPR
PROZ
KIRREL2
FFAR1
FLRT1
TSPAN8
TRPV5
SYNGR3
POM121L9P
CPA4
VGF
AIPL1
FOXJ1
PLPPR3
LBP
SYT5
GADD45G
DPP6
KIF1A
KLHDC7B
SULT4A1
SAG
TNNT3
H19//LOC102724852
GATA5
ASS1
FIBCD1
DUSP9
HSD17B3
PYY
SLC34A1
C3orf20
G6PC
BARX1
CKMT2
KRT34
TNS4
LIN28A
RTBDN
SLC6A11
TBC1D14
POPDC3
SLC52A1
RHBG
CRP
APCS
CHI3L1
MYBPH
DCLK1
MYH11
GGT2//LOC102724197
DYDC2
CA1
MRO
CNTN6
GSTM1
VTCN1
FST
ERN2
DSG1
GIF
TCN1
GGACT
KLB
CGA
PRPH
B4GALNT1
CHST5
PAX3
CNMD
IL6
SCN7A
IL36RN
ALDOB
BAAT
WDR38
HEMGN
CTSV
LMX1B
CAPN11
TTPA
NXPE4
MMP13
TMPRSS13
UNC13C
ITPKA
SLC28A2
STRA6
GCOM1
LHCGR
SULT6B1
LBX1
PCDH10
EGF
ERP27
PIK3C2G
PTPRQ
PDX1
C14orf37
SYT16
SERPINA10
CYP11A1
CYP1A1
CYP1A2
RHCG
RLBP1
SEPT12
SLC5A2
MYLK3
MYOCD
SPATA22
ADCYAP1
MAPK4
LMTK3
FBN3
KLK3
FNDC7
MAEL
NR1I3
LHX9
SYT14
SUSD4
S100A7
ACTA1
REN
ATP6V1C2
REG3G
DQX1
NXPH2
TRPM8
GADL1
ACKR2
SLC22A14
IGSF11
UCN2
STXBP5L
SLIT2
AHSG
EPHA5
GLRA3
CRHBP
LIX1
MEGF10
ADAMTS19
SPINK7
TENM2
KLHL3
VWDE
TRIM50
ASB15
ZAN
AKAP4
HTR2C
ARHGAP36
MAGEA4
RGS20
CRH
PMP2
SLC26A7
ATP6V0D2
GSDMC
FAM135B
CRB2
ASTN2
CACNA1B
PLEKHS1
CYP17A1
GAS2
KLHL35
HTR3B
SLC22A8
KIRREL3
DUSP15
SLC22A9
HMGA2
PCDH15
ADGRL3
C11orf53
THRSP
ATP6V1G3
PTPRO
DPYSL4
GFRA1
TUBA3E
ASTN1
POU4F1
CYSLTR2
DSPP
MEPE
BMP3
GRM1
PART1
NRSN1
ZIC1
CPB1
PLA2R1
ADGRF4
PLEKHG4B
C16orf89
FAM92B
TMPRSS11D
SPHKAP
HS3ST3B1//HS3ST3A1
CDH12
GPR15
CHODL
TMPRSS15
PDE1C
CA10
RSPH10B
CNTNAP5
PROM2
FMN2
CYLC2
SLC24A2
RAET1L
UGT2B4
MAP3K7CL
PRG3
C8A
TMED6
KIT
MUM1L1
DRC1
MEGF11
TRIM63
GRHL3
HPD
FAM46B
COLEC12
SLC13A3
NRG2
SLC5A11
APOA2
TNNI1
GJD2
ACTC1
M1AP
TCHH
PIP
CRYAA
FCN2
LCN1
PTH1R
CYP3A4
PGLYRP2
CELF5
NPHS1
PRR35
SLC1A7
DRAXIN
PDPN
LHX8
NTNG1
SLAMF9
PM20D1
LRRTM1
ACTG2
NPPC
DAPL1
CCKAR
SLC15A2
EFHB
FABP1
CADPS
NKX6-1
ALB
CXCL5
FBXO40
LIPH
S100P
ETNPPL
HPGD
ASB5
HHIP
SPINK1
CDC20B
ENPP6
TERT
IL3
GJB7
IL22RA2
RAET1E
SLC30A8
CSMD3
SLC7A13
BAALC
CTHRC1
NKX6-3
C9orf84
ASB11
OR1Q1
FAT3
LRFN5
MAGEC3
TMEM52B
SLC39A2
RNASE7
PPP1R36
VWA2
ANKRD2
PASD1
PPP1R14D
AVPR1A
CKB
TBATA
CRABP1
TMEM130
SLC38A8
LDHAL6A
CHP2
TGM6
MS4A8
NAT16
PIP5KL1
ACSF2
UGT1A6
MMP26
AQP2
TMEM145
PPP1R14A
PSCA
KLK1
KLK4
KLK6
SOST
FOXI1
SFTPC
GBX2
MYL1
CHRM1
GDNF
LINC01430//LINC01620
TSPAN5
SFTPB
PLA2G4F
CTRB1
STXBP6
KLK7
ARMC4
IL13
HSPB3
PDILT
GP2
CXCL8
BNC1
TACR3
ONECUT1
MUC17
AHSP
TM4SF4
FRMPD4
TAS1R3
MYRIP
ZPLD1
CCDC144A
ANKK1
MRAP
CNGB3
SEMA3E
VSTM2A
MZB1
KRT4
SIX2
DLGAP1
OR10A2
BFSP2
CEL
HS6ST2
PKIA
PATE1
FUT3
KRT13
KRT9
KRT20
OR1L8
OR1N1
NEUROD2
FGA
LGALS4
PAH
SYCE1
ANGPTL7
FRMD5
FOXB1
REG1B
C2orf54
AGXT
NIPAL4
MUCL1
MS4A10
OR10W1
FRG2C
DMRT2
SLC2A14
SNCG
NDNF
INSM1
NLRP13
UGT2A1
GPRC6A
APOBEC4
HSPB7
PODN
TRHR
GALNTL6
MFSD4A
KLK15
CATSPERD
RTP1
SPSB4
CADM2
ISX
NRIP3
PCSK1
DPP10
TEX26
CALCB
PLEKHD1
GPX2
ENTHD1
CIDEA
LRRTM4
PRR18
HSD11B2
TCERG1L
FAM9B
LINC01561
KCNA2
C10orf71
ST8SIA3
CAPZA3
GPR150
SH2D4B
CALML3
CALML5
TUBAL3
CPN2
RFLNA//ZNF664-RFLNA
ZFP42
LINC00670
C2orf71
EGR3
GPC5
SLC17A8
TPPP2
ARL14
LRRC3B
C1orf194
ITLN1
NRXN1
SLC9A4
PNPLA1
DEFB124
OR10Q1
SLC47A2
ANKRD30B
OXTR
DDN
TMIE
ADGRB1
SLC2A4
ASB18
KCNA4
PAPPA
MAFA
HCAR2
MAGEB17
RGS7
SOX1
OTOP2
ABAT
CSMD1
PRR36
OR52E8
CCBE1
FAM9A
PGPEP1L
TNFAIP8L3
MARCH11
PSG9
NOG
SCN5A
ARSI
SRARP
NPW
DSCR4
TACSTD2
MRGPRE
HIST1H1B
NCMAP
BPIFC
RALYL
DDX53
TUSC5
CLCNKB
MUC6
LRRC14B
SPDYE16//SPDYE18
SGCZ
HIST1H2BL
INPP5J
NPY2R
PRSS57
GALNT17
RGPD2
HS6ST3
KRT6B
DLK1
ADAMTSL5
LINC01405
CYP4F2
CYP4F12
GABRA5
SLC36A2
MYT1L
OR9Q1
CLCNKA
FOXI2
TMPRSS11A
FOXD3
LUZP2
HIST1H1T
PLEKHG7
CYP26C1
DPPA3
TCL6
CXorf67
SLC18A3
FAM69C
ASCL4
C17orf99
TMEM215
HEPACAM2
PLA2G2A
IGFL1
SERPINA5
NCCRP1
SLC4A5
HMX2
SNTN
ZDHHC11
KLRG2
NYX
SLC15A5
LIPI
SBSN
DRICH1
GREB1
SULT1C3
CPNE4
SPTSSB
HIST1H2AI
POU3F4
SCN8A
SIGLEC15
SLC6A17
MAGEA6
ADGRA1
GATA3-AS1
CYP2B6
PRAMENP
KLKP1
CR1L
PRB3
PLCG2
DLGAP2
TUBA3C
ADH4
TMEM207
SLC34A3
ZNF536
MAGEA1
SMOC1
LRRTM3
PLXNB3
EGFL6
APCDD1L
BRINP2
GRM3
RORB
RNU5E-1
RNU5F-1
VTRNA1-1
SNORA71D
SNORD8
SNORA80A
SNORA14A
OR6K3
PLPP4
PNLIPRP3
IFIT1B
TRPC5OS
TCEAL6
NPY4R
LINC01973
LINC01854
MOG
ST8SIA6-AS1
KRT40
KRT25
CD177
PSG5
PCDHA2
ERICH4
CLLU1OS
CCNI2
CCDC144NL
CTXN3
MT1H
C15orf59
LINC00661
KRT81
ARSH
SRRM2-AS1
OLIG2
C21orf62
HBM
SNORD116-14
SNORA54
SNORD116-1
SNORD116-13
SNORA2B
RNU6-2
SNORD116-6
MIR508
MIR581
MIR623
MIR506
MIR553
MIR642A
MIR140
SNORA40B
DIO1
MIR374B
SNORD67
SNORD17
SNORA74B
SNORA26
FAM24B
LAT
TMEM213
KRT42P
CPEB1
CDIPT-AS1
GSG1L2
LINC00588
GOLGA6B
RNF212B
TMED11P
ZNF705G
LINC00189
LY86-AS1
TENM3
LINC01644
TDRD15
MIR548L
SNORD3J
MIR1180
SNORA11
MIR1205
MAGEA3
LINC01793
LINC00473
HBD
MIR503HG
ROR1-AS1
LINC01874
LINC01449
EGFR-AS1
LINC01832
NPIPA3
LINC01266
LINC01716
LINC00626
LINC02072
LINC00323
LINC00974
LINC02554
LINC01630
IL21-AS1
MIR663AHG
SPATA13-AS1
LINC00845
MIR4290HG
MRLN
ORM2
LINC01890
LINC01185
SRGAP3-AS2
SAPCD1
LINC01205
HNF4A-AS1
LINC00582
ORM1
MIR5689HG
STEAP3-AS1
IQCF3
LINC02028
LINC02525
FAM41C
LINC01972
ANKRD63
FOXD3-AS1
MIR205HG
LINC01098
APCDD1L-AS1
RPL13AP17
WASIR2
LINC01354
PHKA1-AS1
LEF1-AS1
NCOA7-AS1
BPESC1
LINC01656
SLCO4A1-AS1
LINC01219
NALCN-AS1
LINC01687
SLC26A4-AS1
LINC00284
KRTAP5-AS1
PAGE2B//PAGE2
LINC01114
LINC01914
HRAT17
FOXP4-AS1
IQCM
GRID1-AS1
LINC00330
DSCAM-AS1
LINC01634
BARX1-AS1
LINC00993
LINC00837
ELFN1-AS1
GPC6-AS1
LINC01695
BAALC-AS2
MLIP-IT1
GLIS3-AS1
C4orf51
LINC01968
LINC01502
PATE4
SCARNA10
MYADML
MAGI1-AS1
THOC7-AS1
TDGF1
KRTAP5-8
LINC02029
TMEFF1
UGT1A8
UGT1A10
PSG4
VSIG8
AMY2A
KRTAP10-11
LEFTY1
CFHR1
LINC01213
INSL3
ADH1C
LINC02268
STX18-IT1
C5orf17
CASC16
LINC01016
ADAMTS19-AS1
LINC02075
LINC02216
LINC02225
SCARNA22
LINC02232
LINC01340
LINC02499
LINC02121
CCDC169-SOHLH2
LNX1-AS1
LINC02506
LINC02475
LINC01099
SCARNA6
SCARNA11
SCARNA5
SNORA74D
RNY4
MIR2355
LINC02159
SMIM18
LINC01300
LINC01030
PCDHGA3
PKIA-AS1
RTL1
IGLL5
LINC01489
SOX5-AS1
CCND2-AS1
SALL3
MRGPRF-AS1
LINC02441
HP
KCNK4-TEX40
CLLU1
LINC02426
LINC02318
LINC01397
LINC00871
DIO2-AS1
OR11H7
TUBB3
LINC00524
LINC00648
UBE2Q2L
BLID
LINC02254
SLC22A31
LINC00261
LCMT1-AS2
FRRS1L
TBC1D3G
LINC01964
FOXC2-AS1
LINC02167
LINC00566
LINC02177
LINC02127
LY6L
SSTR5-AS1
LINC00922
TCF24
PCDHGA9
MMP12
CCER2
PCDHGA4
LINC01979
MIR3197
LINC01444
MIR4296
MIR4768
ZNF488
MIR3174
LINC00668
LINC01387
GACAT2
SNORA59B
MIR5190
MIR3196
LINC01443
MIR4754
MIR5692C2
LINC01532
LINC02081
LINC01924
LINC01842
LINC00906
LINC00907
LINC01987
CSAG3
LINC01711
RNF225
RMRP
FP248
SNORA28
ZSWIM8-AS1
AFAP1-AS1
HIST1H2BM
MIR6859-2
HIST1H3G
RN7SL2
ANTXRL
HIST1H3B
TBC1D3L//TBC1D3
HIST1H4F
HIST1H2BO
TBC1D3B//TBC1D3C
UG0898H09
HIST1H3I
HIST1H2AJ
HIST1H4D
HIST1H3F
C17orf78
TBC1D3E
HIST1H4B
RN7SL3
PRO1804
PWAR5
FLJ42393
LINC01667
LINC01726
KCNIP4-IT1
LINC00706
DBET
PACRG-AS1
